INFO: [VRFC 10-2263] Analyzing Verilog file "C:/Users/Samarth/half_adder/half_adder.srcs/sources_1/new/half_adder.v" into library xil_defaultlib
INFO: [VRFC 10-311] analyzing module half_adder
INFO: [VRFC 10-2263] Analyzing Verilog file "C:/Users/Samarth/half_adder/half_adder.srcs/sim_1/new/half_adder_tb.v" into library xil_defaultlib
INFO: [VRFC 10-311] analyzing module half_adder_tb
INFO: [VRFC 10-2263] Analyzing Verilog file "C:/Users/Samarth/half_adder/half_adder.sim/sim_1/behav/xsim/glbl.v" into library xil_defaultlib
INFO: [VRFC 10-311] analyzing module glbl
